// Jest Snapshot v1, https://goo.gl/fbAQLP

exports[`should render ExpenseListItem correctly 1`] = `
<Link
  className="list__item"
  replace={false}
  to="/edit/1"
>
  <div>
    <h3
      className="list__item-title"
    >
      gum
    </h3>
    <span
      className="list__item-sub-title"
    >
      <p>
        Created At: 
        1st January 1970
      </p>
    </span>
  </div>
  <h3
    className="list__item-data"
  >
    Amount: 
    $1.95
  </h3>
</Link>
`;
