// Jest Snapshot v1, https://goo.gl/fbAQLP

exports[`should render ExpenseListItem correctly 1`] = `
<div>
  404! - 
  <Link
    replace={false}
    to="/"
  >
    Homepage
  </Link>
</div>
`;
